// Jest Snapshot v1, https://goo.gl/fbAQLP

exports[`renders correctly 1`] = `
<form
  className="inspireForm"
  onSubmit={[Function]}
>
  <div
    className="inspireFirstRow row"
  >
    <div
      className="col"
    >
      <div
        className="form-group"
      >
        <input
          className="inspireInputBox form-control form-control-lg"
          onChange={[Function]}
          placeholder="inspire.subject"
          required={true}
          type="input"
        />
      </div>
    </div>
    <div
      className="col"
    >
      <div
        className="form-group"
      >
        <select
          className="inspireInputBox form-control form-control-lg"
          onChange={[Function]}
          required={true}
        >
          <option
            default={true}
          >
            inspire.category.0
          </option>
          <option>
            inspire.category.1
          </option>
          <option>
            inspire.category.2
          </option>
          <option>
            inspire.category.3
          </option>
          <option>
            inspire.category.4
          </option>
          <option>
            inspire.category.5
          </option>
        </select>
      </div>
    </div>
  </div>
  <div
    className="form-group"
  >
    <textarea
      className="inspireInputBox form-control"
      onChange={[Function]}
      placeholder="inspire.story"
      required={true}
      rows="15"
    />
  </div>
  <div
    className="row"
  />
  <div
    className="inspireButtonRow row"
  >
    <button
      className="inspireButton"
      type="submit"
    >
      inspire.button
    </button>
  </div>
</form>
`;
