// Jest Snapshot v1, https://goo.gl/fbAQLP

exports[`renders correctly 1`] = `
<div
  className="inspireContainer"
  data-testid="inspireContainer"
>
  <h2
    className="inspireHeader"
  >
    <span
      className="purpleInspire"
    >
      home.inspire.header.header0
    </span>
     
    <span
      className="pinkInspire"
    >
      home.inspire.header.header1
    </span>
     
    <span
      className="purpleInspire"
    >
      home.inspire.header.header2
    </span>
     
    <span
      className="pinkInspire"
    >
      home.inspire.header.header3
    </span>
  </h2>
  <p
    className="heroText"
  >
    home.inspire.heroText
     
    <br />
  </p>
  <button
    className="shareButton"
  >
    home.inspire.button
  </button>
</div>
`;
