// Jest Snapshot v1, https://goo.gl/fbAQLP

exports[`about carousel renders correctly 1`] = `
<div
  allTeamsContent={true}
>
  <div
    className="desktopview container"
  >
    <div
      className="row"
    >
      <div
        className="col-md"
      >
        <div
          className="teamCard row"
        >
          <div
            className="col-sm-4"
          >
            <img
              alt="Team Member"
              className="cardImg"
              src="girl.svg"
            />
          </div>
          <div
            className="cardTexts col-md"
          >
            <h4>
              about.name.3
            </h4>
            <p>
              about.title.3
            </p>
          </div>
        </div>
      </div>
      <div
        className="col-md"
      >
        <div
          className="teamCard row"
        >
          <div
            className="col-sm-4"
          >
            <img
              alt="Team Member"
              className="cardImg"
              src="actress.svg"
            />
          </div>
          <div
            className="cardTexts col-md"
          >
            <h4>
              about.name.4
            </h4>
            <p>
              about.title.4
            </p>
          </div>
        </div>
      </div>
      <div
        className="col-md"
      >
        <div
          className="teamCard row"
        >
          <div
            className="col-sm-4"
          >
            <img
              alt="Team Member"
              className="cardImg"
              src="doctor.svg"
            />
          </div>
          <div
            className="cardTexts col-md"
          >
            <h4>
              about.name.5
            </h4>
            <p>
              about.title.5
            </p>
          </div>
        </div>
      </div>
    </div>
    <div
      className="row"
    >
      <div
        className="col-md"
      >
        <div
          className="teamCard row"
        >
          <div
            className="col-sm-4"
          >
            <img
              alt="Team Member"
              className="cardImg"
              src="businessMan.svg"
            />
          </div>
          <div
            className="cardTexts col-md"
          >
            <h4>
              about.name.0
            </h4>
            <p>
              about.title.0
            </p>
          </div>
        </div>
      </div>
      <div
        className="col-md"
      >
        <div
          className="teamCard row"
        >
          <div
            className="col-sm-4"
          >
            <img
              alt="Team Member"
              className="cardImg"
              src="callCenterAgent.svg"
            />
          </div>
          <div
            className="cardTexts col-md"
          >
            <h4>
              about.name.1
            </h4>
            <p>
              about.title.1
            </p>
          </div>
        </div>
      </div>
      <div
        className="col-md"
      >
        <div
          className="teamCard row"
        >
          <div
            className="col-sm-4"
          >
            <img
              alt="Team Member"
              className="cardImg"
              src="dentist.svg"
            />
          </div>
          <div
            className="cardTexts col-md"
          >
            <h4>
              about.name.2
            </h4>
            <p>
              about.title.2
            </p>
          </div>
        </div>
      </div>
    </div>
  </div>
  <div
    className="tabletView container"
  >
    <div
      className="carousel slide"
      onKeyDown={[Function]}
      onMouseOut={[Function]}
      onMouseOver={[Function]}
      onTouchEnd={[Function]}
      onTouchMove={[Function]}
      onTouchStart={[Function]}
    >
      <ol
        className="carousel-indicators"
      >
        <li
          className="active"
          onClick={[Function]}
        />
        <li
          onClick={[Function]}
        />
      </ol>
      <div
        className="carousel-inner"
      >
        <div
          className="active carousel-item"
        >
          <div
            className="row"
          >
            <div
              className="col"
            >
              <div
                className="teamCard row"
              >
                <div
                  className="col"
                >
                  <img
                    alt="Team Member"
                    className="cardImg"
                    src="girl.svg"
                  />
                </div>
                <div
                  className="cardTexts col"
                >
                  <h4>
                    about.name.5
                  </h4>
                  <p>
                    about.title.5
                  </p>
                </div>
              </div>
            </div>
            <div
              className="col"
            >
              <div
                className="teamCard row"
              >
                <div
                  className="col"
                >
                  <img
                    alt="Team Member"
                    className="cardImg"
                    src="actress.svg"
                  />
                </div>
                <div
                  className="cardTexts col"
                >
                  <h4>
                    about.name.4
                  </h4>
                  <p>
                    about.title.4
                  </p>
                </div>
              </div>
            </div>
            <div
              className="col"
            >
              <div
                className="teamCard row"
              >
                <div
                  className="col"
                >
                  <img
                    alt="Team Member"
                    className="cardImg"
                    src="doctor.svg"
                  />
                </div>
                <div
                  className="cardTexts col"
                >
                  <h4>
                    about.name.5
                  </h4>
                  <p>
                    about.title.5
                  </p>
                </div>
              </div>
            </div>
          </div>
        </div>
        <div
          className="carousel-item"
        >
          <div
            className="row"
          >
            <div
              className="col"
            >
              <div
                className="teamCard row"
              >
                <div
                  className="col"
                >
                  <img
                    alt="Team Member"
                    className="cardImg"
                    src="businessMan.svg"
                  />
                </div>
                <div
                  className="cardTexts col"
                >
                  <h4>
                    about.name.0
                  </h4>
                  <p>
                    about.title.0
                  </p>
                </div>
              </div>
            </div>
            <div
              className="col"
            >
              <div
                className="teamCard row"
              >
                <div
                  className="col"
                >
                  <img
                    alt="Team Member"
                    className="cardImg"
                    src="callCenterAgent.svg"
                  />
                </div>
                <div
                  className="cardTexts col"
                >
                  <h4>
                    about.name.1
                  </h4>
                  <p>
                    about.title.1
                  </p>
                </div>
              </div>
            </div>
            <div
              className="col"
            >
              <div
                className="teamCard row"
              >
                <div
                  className="col"
                >
                  <img
                    alt="Team Member"
                    className="cardImg"
                    src="dentist.svg"
                  />
                </div>
                <div
                  className="cardTexts col"
                >
                  <h4>
                    about.name.2
                  </h4>
                  <p>
                    about.title.2
                  </p>
                </div>
              </div>
            </div>
          </div>
        </div>
      </div>
      <a
        className="carousel-control-prev"
        href="#"
        onClick={[Function]}
        onKeyDown={[Function]}
        role="button"
      >
        <span
          aria-hidden="true"
          className="carousel-control-prev-icon"
        />
        <span
          className="sr-only"
        >
          Previous
        </span>
      </a>
      <a
        className="carousel-control-next"
        href="#"
        onClick={[Function]}
        onKeyDown={[Function]}
        role="button"
      >
        <span
          aria-hidden="true"
          className="carousel-control-next-icon"
        />
        <span
          className="sr-only"
        >
          Next
        </span>
      </a>
    </div>
  </div>
  <div
    className="phoneView container"
  >
    <div
      className="carousel slide"
      onKeyDown={[Function]}
      onMouseOut={[Function]}
      onMouseOver={[Function]}
      onTouchEnd={[Function]}
      onTouchMove={[Function]}
      onTouchStart={[Function]}
    >
      <ol
        className="carousel-indicators"
      >
        <li
          className="active"
          onClick={[Function]}
        />
        <li
          onClick={[Function]}
        />
        <li
          onClick={[Function]}
        />
        <li
          onClick={[Function]}
        />
        <li
          onClick={[Function]}
        />
        <li
          onClick={[Function]}
        />
      </ol>
      <div
        className="carousel-inner"
      >
        <div
          className="active carousel-item"
        >
          <div
            className="teamCard"
          >
            <img
              alt="Team Member"
              className="cardImg"
              src="girl.svg"
            />
            <h4>
              about.name.3
            </h4>
            <p>
              about.title.3
            </p>
          </div>
        </div>
        <div
          className="carousel-item"
        >
          <div
            className="teamCard"
          >
            <img
              alt="Team Member"
              className="cardImg"
              src="actress.svg"
            />
            <h4>
              about.name.4
            </h4>
            <p>
              about.title.4
            </p>
          </div>
        </div>
        <div
          className="carousel-item"
        >
          <div
            className="teamCard"
          >
            <img
              alt="Team Member"
              className="cardImg"
              src="doctor.svg"
            />
            <h4>
              about.name.5
            </h4>
            <p>
              about.title.5
            </p>
          </div>
        </div>
        <div
          className="carousel-item"
        >
          <div
            className="teamCard"
          >
            <img
              alt="Team Member"
              className="cardImg"
              src="businessMan.svg"
            />
            <h4>
              about.name.0
            </h4>
            <p>
              about.title.0
            </p>
          </div>
        </div>
        <div
          className="carousel-item"
        >
          <div
            className="teamCard"
          >
            <img
              alt="Team Member"
              className="cardImg"
              src="callCenterAgent.svg"
            />
            <h4>
              about.name.1
            </h4>
            <p>
              about.title.1
            </p>
          </div>
        </div>
        <div
          className="carousel-item"
        >
          <div
            className="teamCard"
          >
            <img
              alt="Team Member"
              className="cardImg"
              src="dentist.svg"
            />
            <h4>
              about.name.2
            </h4>
            <p>
              about.title.2
            </p>
          </div>
        </div>
      </div>
      <a
        className="carousel-control-prev"
        href="#"
        onClick={[Function]}
        onKeyDown={[Function]}
        role="button"
      >
        <span
          aria-hidden="true"
          className="carousel-control-prev-icon"
        />
        <span
          className="sr-only"
        >
          Previous
        </span>
      </a>
      <a
        className="carousel-control-next"
        href="#"
        onClick={[Function]}
        onKeyDown={[Function]}
        role="button"
      >
        <span
          aria-hidden="true"
          className="carousel-control-next-icon"
        />
        <span
          className="sr-only"
        >
          Next
        </span>
      </a>
    </div>
  </div>
</div>
`;
