// Jest Snapshot v1, https://goo.gl/fbAQLP

exports[`Matches the snapshot. 1`] = `
<div
  className="container"
>
  <div
    className="container"
  >
    <div
      className="row"
      data-testid="newsletterTitle"
    >
      <div
        className="newsletterTitle col"
      >
        <p>
          home.newsletter.titles.title0
        </p>
         
        <br />
        <p>
          home.newsletter.titles.title1
        </p>
      </div>
    </div>
    <div
      className="row"
      data-testid="newsletterInput"
    >
      <div
        className="newsletterInput col"
      >
        <form>
          <div
            className="col-lg-10 mb-3"
          >
            <div
              className="input-group"
            >
              <input
                aria-describedby="inputGroupPrepend2"
                className="form-control rounded-4 validationDefaultUsername"
                placeholder="Your E-mail Address"
                required={true}
                type="text"
              />
              <div
                class="input-group-prepend"
              >
                <input
                  className="btn btn-primary btn-sm rounded-0 inputGroupPrepend2"
                  type="submit"
                  value="Subscribe"
                />
              </div>
            </div>
          </div>
        </form>
      </div>
    </div>
  </div>
</div>
`;
