// Jest Snapshot v1, https://goo.gl/fbAQLP

exports[`renders correctly 1`] = `
<div
  className="signupContainer container"
>
  <img
    className="signupLogo"
    src="www-logo.png"
  />
  <form
    className="form"
    onSubmit={[Function]}
  >
    <div
      className="form-row"
    >
      <div
        className="mt-3 form-group col"
      >
        <input
          className="form-control"
          id="formGridFirstName"
          onChange={[Function]}
          placeholder="First name"
          required={true}
          type="name"
          value=""
        />
      </div>
      <div
        className="mt-3 form-group col"
      >
        <input
          className="form-control"
          id="formGridLastName"
          onChange={[Function]}
          placeholder="Last name"
          required={true}
          type="name"
          value=""
        />
      </div>
    </div>
    <div
      className="mt-3 form-group"
    >
      <input
        className="form-control"
        id="formGridEmail"
        onChange={[Function]}
        placeholder="Your email"
        type="email"
        value=""
      />
    </div>
    <div
      className="form-row"
    >
      <div
        className="mt-3 form-group col"
      >
        <input
          className="form-control"
          id="formGridPassword"
          onChange={[Function]}
          placeholder="Password"
          required={true}
          type="password"
          value=""
        />
      </div>
      <div
        className="mt-3 form-group col"
      >
        <input
          className="form-control"
          id="formGridRepeatPassword"
          onChange={[Function]}
          placeholder="Repeat password"
          required={true}
          type="password"
          value=""
        />
      </div>
    </div>
    <button
      className="signupBtn mt-3 btn btn-primary"
      disabled={false}
      type="submit"
    >
      Sign Up
    </button>
  </form>
  <p
    className="mt-3"
  >
    Already Have An Account ?
     
    <a
      className="loginLink"
      href="/login"
    >
      Login
    </a>
  </p>
</div>
`;
