// Jest Snapshot v1, https://goo.gl/fbAQLP

exports[`renders correctly 1`] = `
<div
  className="signupContainer container"
>
  <img
    className="logo"
    src="www-logo.png"
  />
  <h2
    className="signupHeader"
  >
    Signup Now
  </h2>
  <form
    className=""
  >
    <div
      className="form-row"
    >
      <div
        className="mt-3 form-group col"
      >
        <input
          className="form-control"
          id="formGridFirstName"
          placeholder="FirstName"
          type="name"
        />
      </div>
      <div
        className="mt-3 form-group col"
      >
        <input
          className="form-control"
          id="formGridLastName"
          placeholder="LastName"
          type="name"
        />
      </div>
    </div>
    <div
      className="mt-3 form-group"
    >
      <input
        className="form-control"
        id="formGridEmail"
        placeholder="Your Email"
        type="email"
      />
    </div>
    <div
      className="form-row"
    >
      <div
        className="mt-3 form-group col"
      >
        <input
          className="form-control"
          id="formGridPassword"
          placeholder="Password"
          type="password"
        />
      </div>
      <div
        className="mt-3 form-group col"
      >
        <input
          className="form-control"
          id="formGridRepeatPassword"
          placeholder="Repeat Password"
          type="password"
        />
      </div>
    </div>
    <button
      className="signupBtn mt-3 btn btn-primary"
      disabled={false}
      type="submit"
    >
      Sign Up
    </button>
  </form>
  <p
    className="mt-3"
  >
    Already Have An Account ?
     
    <a
      className="loginLink"
      href="/login"
    >
      Login
    </a>
  </p>
</div>
`;
